// Vitest Snapshot v1, https://vitest.dev/guide/snapshot.html

exports[`AlertDialog.component > looks the same 1`] = `
<body
  data-scroll-locked="1"
  style="pointer-events: none;"
>
  <span
    aria-hidden="true"
    data-aria-hidden="true"
    data-radix-focus-guard=""
    style="outline: none; opacity: 0; position: fixed; pointer-events: none;"
    tabindex="0"
  />
  <div
    aria-hidden="true"
    data-aria-hidden="true"
  />
  <div
    aria-hidden="true"
    class="fixed inset-0 z-50 bg-black/50 data-[state=closed]:animate-out data-[state=closed]:fade-out-0 data-[state=open]:animate-in data-[state=open]:fade-in-0"
    data-aria-hidden="true"
    data-slot="alert-dialog-overlay"
    data-state="open"
    style="pointer-events: auto;"
  />
  <div
    aria-describedby="radix-«r2»"
    aria-labelledby="radix-«r1»"
    class="fixed top-[50%] left-[50%] z-50 grid w-full max-w-[calc(100%-2rem)] translate-x-[-50%] translate-y-[-50%] gap-4 rounded-lg border bg-background p-6 shadow-lg duration-200 data-[state=closed]:animate-out data-[state=closed]:fade-out-0 data-[state=closed]:zoom-out-95 data-[state=open]:animate-in data-[state=open]:fade-in-0 data-[state=open]:zoom-in-95 sm:max-w-lg"
    data-slot="alert-dialog-content"
    data-state="open"
    id="radix-«r0»"
    role="alertdialog"
    style="pointer-events: auto;"
    tabindex="-1"
  >
    <div
      class="flex flex-col gap-2 text-center sm:text-left"
      data-slot="alert-dialog-header"
    >
      <h2
        class="font-semibold"
        data-slot="alert-dialog-title"
        id="radix-«r1»"
      >
        Title
      </h2>
      <p
        class="text-sm text-muted-foreground"
        data-slot="alert-dialog-description"
        id="radix-«r2»"
      >
        DesAlertDialogDescription
      </p>
    </div>
    <div
      class="flex flex-col-reverse gap-2 sm:flex-row sm:justify-end"
      data-slot="alert-dialog-footer"
    >
      <button
        class="inline-flex items-center justify-center gap-2 rounded-md text-base font-medium whitespace-nowrap transition-colors focus-visible:ring-1 focus-visible:ring-ring focus-visible:outline-hidden disabled:pointer-events-none disabled:opacity-50 [&_svg]:pointer-events-none [&_svg]:size-4 [&_svg]:shrink-0 h-9 px-4 py-2 animate_grad bg_grad_accent--outline--text shadow-xs"
        type="button"
      />
      <button
        class="inline-flex items-center justify-center gap-2 rounded-md text-base font-medium whitespace-nowrap transition-colors focus-visible:ring-1 focus-visible:ring-ring focus-visible:outline-hidden disabled:pointer-events-none disabled:opacity-50 [&_svg]:pointer-events-none [&_svg]:size-4 [&_svg]:shrink-0 h-9 px-4 py-2 animate_grad bg_grad_accent border-0 shadow-xs"
        type="button"
      />
    </div>
  </div>
  <span
    aria-hidden="true"
    data-aria-hidden="true"
    data-radix-focus-guard=""
    style="outline: none; opacity: 0; position: fixed; pointer-events: none;"
    tabindex="0"
  />
</body>
`;
