// Vitest Snapshot v1, https://vitest.dev/guide/snapshot.html

exports[`Dialog.component > looks the same 1`] = `
<body
  data-scroll-locked="1"
  style="pointer-events: none;"
>
  <span
    aria-hidden="true"
    data-aria-hidden="true"
    data-radix-focus-guard=""
    style="outline: none; opacity: 0; position: fixed; pointer-events: none;"
    tabindex="0"
  />
  <div
    aria-hidden="true"
    data-aria-hidden="true"
  />
  <div
    aria-hidden="true"
    class="fixed inset-0 z-50 bg-black/80 data-[state=closed]:animate-out data-[state=closed]:fade-out-0 data-[state=open]:animate-in data-[state=open]:fade-in-0"
    data-aria-hidden="true"
    data-state="open"
    style="pointer-events: auto;"
  />
  <div
    aria-describedby="radix-«r2»"
    aria-labelledby="radix-«r1»"
    class="border_default fixed top-[50%] left-[50%] z-50 grid w-full max-w-lg translate-x-[-50%] translate-y-[-50%] gap-4 bg-background p-6 shadow-lg duration-200 data-[state=closed]:animate-out data-[state=closed]:fade-out-0 data-[state=closed]:slide-out-to-left-1/2 data-[state=closed]:slide-out-to-top-[48%] data-[state=closed]:zoom-out-95 data-[state=open]:animate-in data-[state=open]:fade-in-0 data-[state=open]:slide-in-from-left-1/2 data-[state=open]:slide-in-from-top-[48%] data-[state=open]:zoom-in-95 sm:rounded-lg"
    data-state="open"
    id="radix-«r0»"
    role="dialog"
    style="pointer-events: auto;"
    tabindex="-1"
  >
    <div
      class="flex flex-col space-y-1.5 text-center sm:text-left"
    >
      <h2
        class="text-lg leading-none font-semibold tracking-tight"
        id="radix-«r1»"
      >
        Title
      </h2>
      <p
        class="text-sm text-muted-foreground"
        id="radix-«r2»"
      >
        DialogDescription
      </p>
    </div>
    <div
      class="flex flex-col-reverse sm:flex-row sm:justify-end sm:space-x-2"
    >
      Footer
    </div>
    <button
      class="absolute top-4 right-4 rounded-sm opacity-70 ring-offset-background transition-opacity hover:opacity-100 focus:ring-2 focus:ring-ring focus:ring-offset-2 focus:outline-hidden disabled:pointer-events-none data-[state=open]:bg-accent data-[state=open]:text-muted-foreground"
      type="button"
    >
      <svg
        class="h-4 w-4"
        fill="none"
        height="15"
        viewBox="0 0 15 15"
        width="15"
        xmlns="http://www.w3.org/2000/svg"
      >
        <path
          clip-rule="evenodd"
          d="M11.7816 4.03157C12.0062 3.80702 12.0062 3.44295 11.7816 3.2184C11.5571 2.99385 11.193 2.99385 10.9685 3.2184L7.50005 6.68682L4.03164 3.2184C3.80708 2.99385 3.44301 2.99385 3.21846 3.2184C2.99391 3.44295 2.99391 3.80702 3.21846 4.03157L6.68688 7.49999L3.21846 10.9684C2.99391 11.193 2.99391 11.557 3.21846 11.7816C3.44301 12.0061 3.80708 12.0061 4.03164 11.7816L7.50005 8.31316L10.9685 11.7816C11.193 12.0061 11.5571 12.0061 11.7816 11.7816C12.0062 11.557 12.0062 11.193 11.7816 10.9684L8.31322 7.49999L11.7816 4.03157Z"
          fill="currentColor"
          fill-rule="evenodd"
        />
      </svg>
      <span
        class="sr-only"
      >
        sr.close
      </span>
    </button>
  </div>
  <span
    aria-hidden="true"
    data-aria-hidden="true"
    data-radix-focus-guard=""
    style="outline: none; opacity: 0; position: fixed; pointer-events: none;"
    tabindex="0"
  />
</body>
`;
