// Vitest Snapshot v1, https://vitest.dev/guide/snapshot.html

exports[`Label.component > looks the same 1`] = `
<DocumentFragment>
  <label
    class="text-sm leading-none font-medium peer-disabled:cursor-not-allowed peer-disabled:opacity-70"
  />
</DocumentFragment>
`;
