// Vitest Snapshot v1, https://vitest.dev/guide/snapshot.html

exports[`Separator.component > looks the same 1`] = `
<DocumentFragment>
  <div
    class="shrink-0 grad-accent h-[1px] w-full"
    data-orientation="horizontal"
    role="none"
  />
</DocumentFragment>
`;
