// Vitest Snapshot v1, https://vitest.dev/guide/snapshot.html

exports[`Skeleton.component > looks the same 1`] = `
<DocumentFragment>
  <div
    class="animate-pulse rounded-md bg-primary/10"
  />
</DocumentFragment>
`;
